c:\users\hp\desktop\umaima\umaima\x64\debug\vc143.pdb
c:\users\hp\desktop\umaima\umaima\x64\debug\vc143.idb
c:\users\hp\desktop\umaima\umaima\x64\debug\playercharacter.obj
c:\users\hp\desktop\umaima\umaima\x64\debug\options.obj
c:\users\hp\desktop\umaima\umaima\x64\debug\enemy.obj
c:\users\hp\desktop\umaima\umaima\x64\debug\source.obj
c:\users\hp\desktop\umaima\umaima\x64\debug\menu.obj
c:\users\hp\desktop\umaima\umaima\x64\debug\level.obj
c:\users\hp\desktop\umaima\umaima\x64\debug\game.obj
c:\users\hp\desktop\umaima\x64\debug\umaima.exe
c:\users\hp\desktop\umaima\x64\debug\umaima.pdb
c:\users\hp\desktop\umaima\umaima\x64\debug\umaima.ilk
c:\users\hp\desktop\umaima\umaima\x64\debug\umaima.tlog\cl.command.1.tlog
c:\users\hp\desktop\umaima\umaima\x64\debug\umaima.tlog\cl.items.tlog
c:\users\hp\desktop\umaima\umaima\x64\debug\umaima.tlog\cl.read.1.tlog
c:\users\hp\desktop\umaima\umaima\x64\debug\umaima.tlog\cl.write.1.tlog
c:\users\hp\desktop\umaima\umaima\x64\debug\umaima.tlog\link.command.1.tlog
c:\users\hp\desktop\umaima\umaima\x64\debug\umaima.tlog\link.read.1.tlog
c:\users\hp\desktop\umaima\umaima\x64\debug\umaima.tlog\link.secondary.1.tlog
c:\users\hp\desktop\umaima\umaima\x64\debug\umaima.tlog\link.write.1.tlog
